have_func: checking for rb_enc_interned_str() in ruby/encoding.h... -------------------- yes

LD_LIBRARY_PATH=.:/opt/hostedtoolcache/Ruby/4.0.6/x64/lib LSAN_OPTIONS=detect_leaks=0 "gcc -o conftest -I/opt/hostedtoolcache/Ruby/4.0.6/x64/include/ruby-4.0.0/x86_64-linux -I/opt/hostedtoolcache/Ruby/4.0.6/x64/include/ruby-4.0.0/ruby/backward -I/opt/hostedtoolcache/Ruby/4.0.6/x64/include/ruby-4.0.0 -I. -DENABLE_PATH_CHECK=0   -fstack-protector-strong -U_FORTIFY_SOURCE -D_FORTIFY_SOURCE=2  -O3 -fno-fast-math -ggdb3 -Wall -Wextra -Wdeprecated-declarations -Wdiv-by-zero -Wduplicated-cond -Wimplicit-function-declaration -Wimplicit-int -Wpointer-arith -Wwrite-strings -Wold-style-definition -Wimplicit-fallthrough=0 -Wmissing-noreturn -Wno-cast-function-type -Wno-constant-logical-operand -Wno-long-long -Wno-missing-field-initializers -Wno-overlength-strings -Wno-packed-bitfield-compat -Wno-parentheses-equality -Wno-self-assign -Wno-tautological-compare -Wno-unused-parameter -Wno-unused-value -Wsuggest-attribute=format -Wsuggest-attribute=noreturn -Wunused-variable -Wmisleading-indentation -Wundef  -fPIC conftest.c -L. -L/opt/hostedtoolcache/Ruby/4.0.6/x64/lib -Wl,-rpath,/opt/hostedtoolcache/Ruby/4.0.6/x64/lib -L. -fstack-protector-strong -rdynamic -Wl,-export-dynamic -Wl,--no-as-needed     -Wl,-rpath,/opt/hostedtoolcache/Ruby/4.0.6/x64/lib -L/opt/hostedtoolcache/Ruby/4.0.6/x64/lib -lruby  -lm -lpthread  -lc"
checked program was:
/* begin */
1: #include "ruby.h"
2: 
3: int main(int argc, char **argv)
4: {
5:   return !!argv[argc];
6: }
/* end */

LD_LIBRARY_PATH=.:/opt/hostedtoolcache/Ruby/4.0.6/x64/lib LSAN_OPTIONS=detect_leaks=0 "gcc -o conftest -I/opt/hostedtoolcache/Ruby/4.0.6/x64/include/ruby-4.0.0/x86_64-linux -I/opt/hostedtoolcache/Ruby/4.0.6/x64/include/ruby-4.0.0/ruby/backward -I/opt/hostedtoolcache/Ruby/4.0.6/x64/include/ruby-4.0.0 -I. -DENABLE_PATH_CHECK=0   -fstack-protector-strong -U_FORTIFY_SOURCE -D_FORTIFY_SOURCE=2  -O3 -fno-fast-math -ggdb3 -Wall -Wextra -Wdeprecated-declarations -Wdiv-by-zero -Wduplicated-cond -Wimplicit-function-declaration -Wimplicit-int -Wpointer-arith -Wwrite-strings -Wold-style-definition -Wimplicit-fallthrough=0 -Wmissing-noreturn -Wno-cast-function-type -Wno-constant-logical-operand -Wno-long-long -Wno-missing-field-initializers -Wno-overlength-strings -Wno-packed-bitfield-compat -Wno-parentheses-equality -Wno-self-assign -Wno-tautological-compare -Wno-unused-parameter -Wno-unused-value -Wsuggest-attribute=format -Wsuggest-attribute=noreturn -Wunused-variable -Wmisleading-indentation -Wundef  -fPIC conftest.c -L. -L/opt/hostedtoolcache/Ruby/4.0.6/x64/lib -Wl,-rpath,/opt/hostedtoolcache/Ruby/4.0.6/x64/lib -L. -fstack-protector-strong -rdynamic -Wl,-export-dynamic -Wl,--no-as-needed     -Wl,-rpath,/opt/hostedtoolcache/Ruby/4.0.6/x64/lib -L/opt/hostedtoolcache/Ruby/4.0.6/x64/lib -lruby  -lm -lpthread  -lc"
checked program was:
/* begin */
 1: #include "ruby.h"
 2: 
 3: #include <ruby/encoding.h>
 4: 
 5: /*top*/
 6: extern int t(void);
 7: int main(int argc, char **argv)
 8: {
 9:   if (argc > 1000000) {
10:     int (* volatile tp)(void)=(int (*)(void))&t;
11:     printf("%d", (*tp)());
12:   }
13: 
14:   return !!argv[argc];
15: }
16: int t(void) { void ((*volatile p)()); p = (void ((*)()))rb_enc_interned_str; return !p; }
/* end */

--------------------

have_func: checking for rb_str_to_interned_str() in ruby.h... -------------------- yes

LD_LIBRARY_PATH=.:/opt/hostedtoolcache/Ruby/4.0.6/x64/lib LSAN_OPTIONS=detect_leaks=0 "gcc -o conftest -I/opt/hostedtoolcache/Ruby/4.0.6/x64/include/ruby-4.0.0/x86_64-linux -I/opt/hostedtoolcache/Ruby/4.0.6/x64/include/ruby-4.0.0/ruby/backward -I/opt/hostedtoolcache/Ruby/4.0.6/x64/include/ruby-4.0.0 -I. -DENABLE_PATH_CHECK=0   -fstack-protector-strong -U_FORTIFY_SOURCE -D_FORTIFY_SOURCE=2  -O3 -fno-fast-math -ggdb3 -Wall -Wextra -Wdeprecated-declarations -Wdiv-by-zero -Wduplicated-cond -Wimplicit-function-declaration -Wimplicit-int -Wpointer-arith -Wwrite-strings -Wold-style-definition -Wimplicit-fallthrough=0 -Wmissing-noreturn -Wno-cast-function-type -Wno-constant-logical-operand -Wno-long-long -Wno-missing-field-initializers -Wno-overlength-strings -Wno-packed-bitfield-compat -Wno-parentheses-equality -Wno-self-assign -Wno-tautological-compare -Wno-unused-parameter -Wno-unused-value -Wsuggest-attribute=format -Wsuggest-attribute=noreturn -Wunused-variable -Wmisleading-indentation -Wundef  -fPIC conftest.c -L. -L/opt/hostedtoolcache/Ruby/4.0.6/x64/lib -Wl,-rpath,/opt/hostedtoolcache/Ruby/4.0.6/x64/lib -L. -fstack-protector-strong -rdynamic -Wl,-export-dynamic -Wl,--no-as-needed     -Wl,-rpath,/opt/hostedtoolcache/Ruby/4.0.6/x64/lib -L/opt/hostedtoolcache/Ruby/4.0.6/x64/lib -lruby  -lm -lpthread  -lc"
checked program was:
/* begin */
 1: #include "ruby.h"
 2: 
 3: #include <ruby.h>
 4: 
 5: /*top*/
 6: extern int t(void);
 7: int main(int argc, char **argv)
 8: {
 9:   if (argc > 1000000) {
10:     int (* volatile tp)(void)=(int (*)(void))&t;
11:     printf("%d", (*tp)());
12:   }
13: 
14:   return !!argv[argc];
15: }
16: int t(void) { void ((*volatile p)()); p = (void ((*)()))rb_str_to_interned_str; return !p; }
/* end */

--------------------

have_func: checking for rb_hash_new_capa() in ruby.h... -------------------- yes

LD_LIBRARY_PATH=.:/opt/hostedtoolcache/Ruby/4.0.6/x64/lib LSAN_OPTIONS=detect_leaks=0 "gcc -o conftest -I/opt/hostedtoolcache/Ruby/4.0.6/x64/include/ruby-4.0.0/x86_64-linux -I/opt/hostedtoolcache/Ruby/4.0.6/x64/include/ruby-4.0.0/ruby/backward -I/opt/hostedtoolcache/Ruby/4.0.6/x64/include/ruby-4.0.0 -I. -DENABLE_PATH_CHECK=0   -fstack-protector-strong -U_FORTIFY_SOURCE -D_FORTIFY_SOURCE=2  -O3 -fno-fast-math -ggdb3 -Wall -Wextra -Wdeprecated-declarations -Wdiv-by-zero -Wduplicated-cond -Wimplicit-function-declaration -Wimplicit-int -Wpointer-arith -Wwrite-strings -Wold-style-definition -Wimplicit-fallthrough=0 -Wmissing-noreturn -Wno-cast-function-type -Wno-constant-logical-operand -Wno-long-long -Wno-missing-field-initializers -Wno-overlength-strings -Wno-packed-bitfield-compat -Wno-parentheses-equality -Wno-self-assign -Wno-tautological-compare -Wno-unused-parameter -Wno-unused-value -Wsuggest-attribute=format -Wsuggest-attribute=noreturn -Wunused-variable -Wmisleading-indentation -Wundef  -fPIC conftest.c -L. -L/opt/hostedtoolcache/Ruby/4.0.6/x64/lib -Wl,-rpath,/opt/hostedtoolcache/Ruby/4.0.6/x64/lib -L. -fstack-protector-strong -rdynamic -Wl,-export-dynamic -Wl,--no-as-needed     -Wl,-rpath,/opt/hostedtoolcache/Ruby/4.0.6/x64/lib -L/opt/hostedtoolcache/Ruby/4.0.6/x64/lib -lruby  -lm -lpthread  -lc"
checked program was:
/* begin */
 1: #include "ruby.h"
 2: 
 3: #include <ruby.h>
 4: 
 5: /*top*/
 6: extern int t(void);
 7: int main(int argc, char **argv)
 8: {
 9:   if (argc > 1000000) {
10:     int (* volatile tp)(void)=(int (*)(void))&t;
11:     printf("%d", (*tp)());
12:   }
13: 
14:   return !!argv[argc];
15: }
16: int t(void) { void ((*volatile p)()); p = (void ((*)()))rb_hash_new_capa; return !p; }
/* end */

--------------------

have_func: checking for rb_hash_bulk_insert() in ruby.h... -------------------- yes

LD_LIBRARY_PATH=.:/opt/hostedtoolcache/Ruby/4.0.6/x64/lib LSAN_OPTIONS=detect_leaks=0 "gcc -o conftest -I/opt/hostedtoolcache/Ruby/4.0.6/x64/include/ruby-4.0.0/x86_64-linux -I/opt/hostedtoolcache/Ruby/4.0.6/x64/include/ruby-4.0.0/ruby/backward -I/opt/hostedtoolcache/Ruby/4.0.6/x64/include/ruby-4.0.0 -I. -DENABLE_PATH_CHECK=0   -fstack-protector-strong -U_FORTIFY_SOURCE -D_FORTIFY_SOURCE=2  -O3 -fno-fast-math -ggdb3 -Wall -Wextra -Wdeprecated-declarations -Wdiv-by-zero -Wduplicated-cond -Wimplicit-function-declaration -Wimplicit-int -Wpointer-arith -Wwrite-strings -Wold-style-definition -Wimplicit-fallthrough=0 -Wmissing-noreturn -Wno-cast-function-type -Wno-constant-logical-operand -Wno-long-long -Wno-missing-field-initializers -Wno-overlength-strings -Wno-packed-bitfield-compat -Wno-parentheses-equality -Wno-self-assign -Wno-tautological-compare -Wno-unused-parameter -Wno-unused-value -Wsuggest-attribute=format -Wsuggest-attribute=noreturn -Wunused-variable -Wmisleading-indentation -Wundef  -fPIC conftest.c -L. -L/opt/hostedtoolcache/Ruby/4.0.6/x64/lib -Wl,-rpath,/opt/hostedtoolcache/Ruby/4.0.6/x64/lib -L. -fstack-protector-strong -rdynamic -Wl,-export-dynamic -Wl,--no-as-needed     -Wl,-rpath,/opt/hostedtoolcache/Ruby/4.0.6/x64/lib -L/opt/hostedtoolcache/Ruby/4.0.6/x64/lib -lruby  -lm -lpthread  -lc"
checked program was:
/* begin */
 1: #include "ruby.h"
 2: 
 3: #include <ruby.h>
 4: 
 5: /*top*/
 6: extern int t(void);
 7: int main(int argc, char **argv)
 8: {
 9:   if (argc > 1000000) {
10:     int (* volatile tp)(void)=(int (*)(void))&t;
11:     printf("%d", (*tp)());
12:   }
13: 
14:   return !!argv[argc];
15: }
16: int t(void) { void ((*volatile p)()); p = (void ((*)()))rb_hash_bulk_insert; return !p; }
/* end */

--------------------

have_func: checking for ruby_xfree_sized() in ruby.h... -------------------- no

LD_LIBRARY_PATH=.:/opt/hostedtoolcache/Ruby/4.0.6/x64/lib LSAN_OPTIONS=detect_leaks=0 "gcc -o conftest -I/opt/hostedtoolcache/Ruby/4.0.6/x64/include/ruby-4.0.0/x86_64-linux -I/opt/hostedtoolcache/Ruby/4.0.6/x64/include/ruby-4.0.0/ruby/backward -I/opt/hostedtoolcache/Ruby/4.0.6/x64/include/ruby-4.0.0 -I. -DENABLE_PATH_CHECK=0   -fstack-protector-strong -U_FORTIFY_SOURCE -D_FORTIFY_SOURCE=2  -O3 -fno-fast-math -ggdb3 -Wall -Wextra -Wdeprecated-declarations -Wdiv-by-zero -Wduplicated-cond -Wimplicit-function-declaration -Wimplicit-int -Wpointer-arith -Wwrite-strings -Wold-style-definition -Wimplicit-fallthrough=0 -Wmissing-noreturn -Wno-cast-function-type -Wno-constant-logical-operand -Wno-long-long -Wno-missing-field-initializers -Wno-overlength-strings -Wno-packed-bitfield-compat -Wno-parentheses-equality -Wno-self-assign -Wno-tautological-compare -Wno-unused-parameter -Wno-unused-value -Wsuggest-attribute=format -Wsuggest-attribute=noreturn -Wunused-variable -Wmisleading-indentation -Wundef  -fPIC conftest.c -L. -L/opt/hostedtoolcache/Ruby/4.0.6/x64/lib -Wl,-rpath,/opt/hostedtoolcache/Ruby/4.0.6/x64/lib -L. -fstack-protector-strong -rdynamic -Wl,-export-dynamic -Wl,--no-as-needed     -Wl,-rpath,/opt/hostedtoolcache/Ruby/4.0.6/x64/lib -L/opt/hostedtoolcache/Ruby/4.0.6/x64/lib -lruby  -lm -lpthread  -lc"
conftest.c: In function ‘t’:
conftest.c:16:57: error: ‘ruby_xfree_sized’ undeclared (first use in this function); did you mean ‘rb_file_size’?
   16 | int t(void) { void ((*volatile p)()); p = (void ((*)()))ruby_xfree_sized; return !p; }
      |                                                         ^~~~~~~~~~~~~~~~
      |                                                         rb_file_size
conftest.c:16:57: note: each undeclared identifier is reported only once for each function it appears in
At top level:
cc1: note: unrecognized command-line option ‘-Wno-self-assign’ may have been intended to silence earlier diagnostics
cc1: note: unrecognized command-line option ‘-Wno-parentheses-equality’ may have been intended to silence earlier diagnostics
cc1: note: unrecognized command-line option ‘-Wno-constant-logical-operand’ may have been intended to silence earlier diagnostics
checked program was:
/* begin */
 1: #include "ruby.h"
 2: 
 3: #include <ruby.h>
 4: 
 5: /*top*/
 6: extern int t(void);
 7: int main(int argc, char **argv)
 8: {
 9:   if (argc > 1000000) {
10:     int (* volatile tp)(void)=(int (*)(void))&t;
11:     printf("%d", (*tp)());
12:   }
13: 
14:   return !!argv[argc];
15: }
16: int t(void) { void ((*volatile p)()); p = (void ((*)()))ruby_xfree_sized; return !p; }
/* end */

LD_LIBRARY_PATH=.:/opt/hostedtoolcache/Ruby/4.0.6/x64/lib LSAN_OPTIONS=detect_leaks=0 "gcc -o conftest -I/opt/hostedtoolcache/Ruby/4.0.6/x64/include/ruby-4.0.0/x86_64-linux -I/opt/hostedtoolcache/Ruby/4.0.6/x64/include/ruby-4.0.0/ruby/backward -I/opt/hostedtoolcache/Ruby/4.0.6/x64/include/ruby-4.0.0 -I. -DENABLE_PATH_CHECK=0   -fstack-protector-strong -U_FORTIFY_SOURCE -D_FORTIFY_SOURCE=2  -O3 -fno-fast-math -ggdb3 -Wall -Wextra -Wdeprecated-declarations -Wdiv-by-zero -Wduplicated-cond -Wimplicit-function-declaration -Wimplicit-int -Wpointer-arith -Wwrite-strings -Wold-style-definition -Wimplicit-fallthrough=0 -Wmissing-noreturn -Wno-cast-function-type -Wno-constant-logical-operand -Wno-long-long -Wno-missing-field-initializers -Wno-overlength-strings -Wno-packed-bitfield-compat -Wno-parentheses-equality -Wno-self-assign -Wno-tautological-compare -Wno-unused-parameter -Wno-unused-value -Wsuggest-attribute=format -Wsuggest-attribute=noreturn -Wunused-variable -Wmisleading-indentation -Wundef  -fPIC conftest.c -L. -L/opt/hostedtoolcache/Ruby/4.0.6/x64/lib -Wl,-rpath,/opt/hostedtoolcache/Ruby/4.0.6/x64/lib -L. -fstack-protector-strong -rdynamic -Wl,-export-dynamic -Wl,--no-as-needed     -Wl,-rpath,/opt/hostedtoolcache/Ruby/4.0.6/x64/lib -L/opt/hostedtoolcache/Ruby/4.0.6/x64/lib -lruby  -lm -lpthread  -lc"
/usr/bin/ld: /tmp/cc8v712F.o: in function `t':
/home/runner/work/jp_prefecture/jp_prefecture/vendor/bundle/ruby/4.0.0/gems/json-2.21.2/ext/json/ext/parser/conftest.c:17:(.text+0xb): undefined reference to `ruby_xfree_sized'
collect2: error: ld returned 1 exit status
checked program was:
/* begin */
 1: #include "ruby.h"
 2: 
 3: #include <ruby.h>
 4: 
 5: /*top*/
 6: extern int t(void);
 7: int main(int argc, char **argv)
 8: {
 9:   if (argc > 1000000) {
10:     int (* volatile tp)(void)=(int (*)(void))&t;
11:     printf("%d", (*tp)());
12:   }
13: 
14:   return !!argv[argc];
15: }
16: extern void ruby_xfree_sized();
17: int t(void) { ruby_xfree_sized(); return 0; }
/* end */

--------------------

have_header: checking for x86intrin.h... -------------------- yes

LD_LIBRARY_PATH=.:/opt/hostedtoolcache/Ruby/4.0.6/x64/lib LSAN_OPTIONS=detect_leaks=0 "gcc -I/opt/hostedtoolcache/Ruby/4.0.6/x64/include/ruby-4.0.0/x86_64-linux -I/opt/hostedtoolcache/Ruby/4.0.6/x64/include/ruby-4.0.0/ruby/backward -I/opt/hostedtoolcache/Ruby/4.0.6/x64/include/ruby-4.0.0 -I. -DENABLE_PATH_CHECK=0   -fstack-protector-strong -U_FORTIFY_SOURCE -D_FORTIFY_SOURCE=2  -O3 -fno-fast-math -ggdb3 -Wall -Wextra -Wdeprecated-declarations -Wdiv-by-zero -Wduplicated-cond -Wimplicit-function-declaration -Wimplicit-int -Wpointer-arith -Wwrite-strings -Wold-style-definition -Wimplicit-fallthrough=0 -Wmissing-noreturn -Wno-cast-function-type -Wno-constant-logical-operand -Wno-long-long -Wno-missing-field-initializers -Wno-overlength-strings -Wno-packed-bitfield-compat -Wno-parentheses-equality -Wno-self-assign -Wno-tautological-compare -Wno-unused-parameter -Wno-unused-value -Wsuggest-attribute=format -Wsuggest-attribute=noreturn -Wunused-variable -Wmisleading-indentation -Wundef  -fPIC   -c conftest.c"
checked program was:
/* begin */
1: #include "ruby.h"
2: 
3: #include <x86intrin.h>
/* end */

--------------------

have_func: checking for _lzcnt_u64() in x86intrin.h... -------------------- no

LD_LIBRARY_PATH=.:/opt/hostedtoolcache/Ruby/4.0.6/x64/lib LSAN_OPTIONS=detect_leaks=0 "gcc -o conftest -I/opt/hostedtoolcache/Ruby/4.0.6/x64/include/ruby-4.0.0/x86_64-linux -I/opt/hostedtoolcache/Ruby/4.0.6/x64/include/ruby-4.0.0/ruby/backward -I/opt/hostedtoolcache/Ruby/4.0.6/x64/include/ruby-4.0.0 -I. -DENABLE_PATH_CHECK=0   -fstack-protector-strong -U_FORTIFY_SOURCE -D_FORTIFY_SOURCE=2  -O3 -fno-fast-math -ggdb3 -Wall -Wextra -Wdeprecated-declarations -Wdiv-by-zero -Wduplicated-cond -Wimplicit-function-declaration -Wimplicit-int -Wpointer-arith -Wwrite-strings -Wold-style-definition -Wimplicit-fallthrough=0 -Wmissing-noreturn -Wno-cast-function-type -Wno-constant-logical-operand -Wno-long-long -Wno-missing-field-initializers -Wno-overlength-strings -Wno-packed-bitfield-compat -Wno-parentheses-equality -Wno-self-assign -Wno-tautological-compare -Wno-unused-parameter -Wno-unused-value -Wsuggest-attribute=format -Wsuggest-attribute=noreturn -Wunused-variable -Wmisleading-indentation -Wundef  -fPIC conftest.c -L. -L/opt/hostedtoolcache/Ruby/4.0.6/x64/lib -Wl,-rpath,/opt/hostedtoolcache/Ruby/4.0.6/x64/lib -L. -fstack-protector-strong -rdynamic -Wl,-export-dynamic -Wl,--no-as-needed     -Wl,-rpath,/opt/hostedtoolcache/Ruby/4.0.6/x64/lib -L/opt/hostedtoolcache/Ruby/4.0.6/x64/lib -lruby  -lm -lpthread  -lc"
/usr/bin/ld: /tmp/ccrkpUIk.o: in function `t':
/home/runner/work/jp_prefecture/jp_prefecture/vendor/bundle/ruby/4.0.0/gems/json-2.21.2/ext/json/ext/parser/conftest.c:16:(.text+0x7): undefined reference to `_lzcnt_u64'
collect2: error: ld returned 1 exit status
checked program was:
/* begin */
 1: #include "ruby.h"
 2: 
 3: #include <x86intrin.h>
 4: 
 5: /*top*/
 6: extern int t(void);
 7: int main(int argc, char **argv)
 8: {
 9:   if (argc > 1000000) {
10:     int (* volatile tp)(void)=(int (*)(void))&t;
11:     printf("%d", (*tp)());
12:   }
13: 
14:   return !!argv[argc];
15: }
16: int t(void) { void ((*volatile p)()); p = (void ((*)()))_lzcnt_u64; return !p; }
/* end */

LD_LIBRARY_PATH=.:/opt/hostedtoolcache/Ruby/4.0.6/x64/lib LSAN_OPTIONS=detect_leaks=0 "gcc -o conftest -I/opt/hostedtoolcache/Ruby/4.0.6/x64/include/ruby-4.0.0/x86_64-linux -I/opt/hostedtoolcache/Ruby/4.0.6/x64/include/ruby-4.0.0/ruby/backward -I/opt/hostedtoolcache/Ruby/4.0.6/x64/include/ruby-4.0.0 -I. -DENABLE_PATH_CHECK=0   -fstack-protector-strong -U_FORTIFY_SOURCE -D_FORTIFY_SOURCE=2  -O3 -fno-fast-math -ggdb3 -Wall -Wextra -Wdeprecated-declarations -Wdiv-by-zero -Wduplicated-cond -Wimplicit-function-declaration -Wimplicit-int -Wpointer-arith -Wwrite-strings -Wold-style-definition -Wimplicit-fallthrough=0 -Wmissing-noreturn -Wno-cast-function-type -Wno-constant-logical-operand -Wno-long-long -Wno-missing-field-initializers -Wno-overlength-strings -Wno-packed-bitfield-compat -Wno-parentheses-equality -Wno-self-assign -Wno-tautological-compare -Wno-unused-parameter -Wno-unused-value -Wsuggest-attribute=format -Wsuggest-attribute=noreturn -Wunused-variable -Wmisleading-indentation -Wundef  -fPIC conftest.c -L. -L/opt/hostedtoolcache/Ruby/4.0.6/x64/lib -Wl,-rpath,/opt/hostedtoolcache/Ruby/4.0.6/x64/lib -L. -fstack-protector-strong -rdynamic -Wl,-export-dynamic -Wl,--no-as-needed     -Wl,-rpath,/opt/hostedtoolcache/Ruby/4.0.6/x64/lib -L/opt/hostedtoolcache/Ruby/4.0.6/x64/lib -lruby  -lm -lpthread  -lc"
conftest.c:16:13: error: conflicting types for ‘_lzcnt_u64’; have ‘void()’
   16 | extern void _lzcnt_u64();
      |             ^~~~~~~~~~
In file included from /usr/lib/gcc/x86_64-linux-gnu/13/include/x86gprintrin.h:61,
                 from /usr/lib/gcc/x86_64-linux-gnu/13/include/x86intrin.h:27,
                 from conftest.c:3:
/usr/lib/gcc/x86_64-linux-gnu/13/include/lzcntintrin.h:64:1: note: previous definition of ‘_lzcnt_u64’ with type ‘long long unsigned int(long long unsigned int)’
   64 | _lzcnt_u64 (unsigned long long __X)
      | ^~~~~~~~~~
cc1: note: unrecognized command-line option ‘-Wno-self-assign’ may have been intended to silence earlier diagnostics
cc1: note: unrecognized command-line option ‘-Wno-parentheses-equality’ may have been intended to silence earlier diagnostics
cc1: note: unrecognized command-line option ‘-Wno-constant-logical-operand’ may have been intended to silence earlier diagnostics
checked program was:
/* begin */
 1: #include "ruby.h"
 2: 
 3: #include <x86intrin.h>
 4: 
 5: /*top*/
 6: extern int t(void);
 7: int main(int argc, char **argv)
 8: {
 9:   if (argc > 1000000) {
10:     int (* volatile tp)(void)=(int (*)(void))&t;
11:     printf("%d", (*tp)());
12:   }
13: 
14:   return !!argv[argc];
15: }
16: extern void _lzcnt_u64();
17: int t(void) { _lzcnt_u64(); return 0; }
/* end */

--------------------

have_header: checking for intrin.h... -------------------- no

LD_LIBRARY_PATH=.:/opt/hostedtoolcache/Ruby/4.0.6/x64/lib LSAN_OPTIONS=detect_leaks=0 "gcc -I/opt/hostedtoolcache/Ruby/4.0.6/x64/include/ruby-4.0.0/x86_64-linux -I/opt/hostedtoolcache/Ruby/4.0.6/x64/include/ruby-4.0.0/ruby/backward -I/opt/hostedtoolcache/Ruby/4.0.6/x64/include/ruby-4.0.0 -I. -DENABLE_PATH_CHECK=0   -fstack-protector-strong -U_FORTIFY_SOURCE -D_FORTIFY_SOURCE=2  -O3 -fno-fast-math -ggdb3 -Wall -Wextra -Wdeprecated-declarations -Wdiv-by-zero -Wduplicated-cond -Wimplicit-function-declaration -Wimplicit-int -Wpointer-arith -Wwrite-strings -Wold-style-definition -Wimplicit-fallthrough=0 -Wmissing-noreturn -Wno-cast-function-type -Wno-constant-logical-operand -Wno-long-long -Wno-missing-field-initializers -Wno-overlength-strings -Wno-packed-bitfield-compat -Wno-parentheses-equality -Wno-self-assign -Wno-tautological-compare -Wno-unused-parameter -Wno-unused-value -Wsuggest-attribute=format -Wsuggest-attribute=noreturn -Wunused-variable -Wmisleading-indentation -Wundef  -fPIC   -c conftest.c"
conftest.c:3:10: fatal error: intrin.h: No such file or directory
    3 | #include <intrin.h>
      |          ^~~~~~~~~~
compilation terminated.
checked program was:
/* begin */
1: #include "ruby.h"
2: 
3: #include <intrin.h>
/* end */

--------------------

have_const: checking for RUBY_TYPED_EMBEDDABLE in ruby.h... -------------------- yes

LD_LIBRARY_PATH=.:/opt/hostedtoolcache/Ruby/4.0.6/x64/lib LSAN_OPTIONS=detect_leaks=0 "gcc -I/opt/hostedtoolcache/Ruby/4.0.6/x64/include/ruby-4.0.0/x86_64-linux -I/opt/hostedtoolcache/Ruby/4.0.6/x64/include/ruby-4.0.0/ruby/backward -I/opt/hostedtoolcache/Ruby/4.0.6/x64/include/ruby-4.0.0 -I. -DENABLE_PATH_CHECK=0   -fstack-protector-strong -U_FORTIFY_SOURCE -D_FORTIFY_SOURCE=2  -O3 -fno-fast-math -ggdb3 -Wall -Wextra -Wdeprecated-declarations -Wdiv-by-zero -Wduplicated-cond -Wimplicit-function-declaration -Wimplicit-int -Wpointer-arith -Wwrite-strings -Wold-style-definition -Wimplicit-fallthrough=0 -Wmissing-noreturn -Wno-cast-function-type -Wno-constant-logical-operand -Wno-long-long -Wno-missing-field-initializers -Wno-overlength-strings -Wno-packed-bitfield-compat -Wno-parentheses-equality -Wno-self-assign -Wno-tautological-compare -Wno-unused-parameter -Wno-unused-value -Wsuggest-attribute=format -Wsuggest-attribute=noreturn -Wunused-variable -Wmisleading-indentation -Wundef  -fPIC   -c conftest.c"
checked program was:
/* begin */
1: #include "ruby.h"
2: 
3: #include <ruby.h>
4: 
5: /*top*/
6: typedef int conftest_type;
7: conftest_type conftestval = (int)RUBY_TYPED_EMBEDDABLE;
/* end */

--------------------

append_cflags: checking for whether -std=c99 is accepted as CFLAGS... -------------------- yes

LD_LIBRARY_PATH=.:/opt/hostedtoolcache/Ruby/4.0.6/x64/lib LSAN_OPTIONS=detect_leaks=0 "gcc -I/opt/hostedtoolcache/Ruby/4.0.6/x64/include/ruby-4.0.0/x86_64-linux -I/opt/hostedtoolcache/Ruby/4.0.6/x64/include/ruby-4.0.0/ruby/backward -I/opt/hostedtoolcache/Ruby/4.0.6/x64/include/ruby-4.0.0 -I. -DENABLE_PATH_CHECK=0   -fstack-protector-strong -U_FORTIFY_SOURCE -D_FORTIFY_SOURCE=2  -O3 -fno-fast-math -ggdb3 -Wall -Wextra -Wdeprecated-declarations -Wdiv-by-zero -Wduplicated-cond -Wimplicit-function-declaration -Wimplicit-int -Wpointer-arith -Wwrite-strings -Wold-style-definition -Wimplicit-fallthrough=0 -Wmissing-noreturn -Wno-cast-function-type -Wno-constant-logical-operand -Wno-long-long -Wno-missing-field-initializers -Wno-overlength-strings -Wno-packed-bitfield-compat -Wno-parentheses-equality -Wno-self-assign -Wno-tautological-compare -Wno-unused-parameter -Wno-unused-value -Wsuggest-attribute=format -Wsuggest-attribute=noreturn -Wunused-variable -Wmisleading-indentation -Wundef  -fPIC  -std=c99 -Werror -c conftest.c"
checked program was:
/* begin */
1: #include "ruby.h"
2: 
3: int main(int argc, char **argv)
4: {
5:   return !!argv[argc];
6: }
/* end */

--------------------

append_cflags: checking for whether -mno-outline is accepted as CFLAGS... -------------------- no

LD_LIBRARY_PATH=.:/opt/hostedtoolcache/Ruby/4.0.6/x64/lib LSAN_OPTIONS=detect_leaks=0 "gcc -I/opt/hostedtoolcache/Ruby/4.0.6/x64/include/ruby-4.0.0/x86_64-linux -I/opt/hostedtoolcache/Ruby/4.0.6/x64/include/ruby-4.0.0/ruby/backward -I/opt/hostedtoolcache/Ruby/4.0.6/x64/include/ruby-4.0.0 -I. -DENABLE_PATH_CHECK=0   -fstack-protector-strong -U_FORTIFY_SOURCE -D_FORTIFY_SOURCE=2  -O3 -fno-fast-math -ggdb3 -Wall -Wextra -Wdeprecated-declarations -Wdiv-by-zero -Wduplicated-cond -Wimplicit-function-declaration -Wimplicit-int -Wpointer-arith -Wwrite-strings -Wold-style-definition -Wimplicit-fallthrough=0 -Wmissing-noreturn -Wno-cast-function-type -Wno-constant-logical-operand -Wno-long-long -Wno-missing-field-initializers -Wno-overlength-strings -Wno-packed-bitfield-compat -Wno-parentheses-equality -Wno-self-assign -Wno-tautological-compare -Wno-unused-parameter -Wno-unused-value -Wsuggest-attribute=format -Wsuggest-attribute=noreturn -Wunused-variable -Wmisleading-indentation -Wundef  -fPIC -std=c99  -mno-outline -Werror -c conftest.c"
gcc: error: unrecognized command-line option ‘-mno-outline’
checked program was:
/* begin */
1: #include "ruby.h"
2: 
3: int main(int argc, char **argv)
4: {
5:   return !!argv[argc];
6: }
/* end */

--------------------

have_header: checking for x86intrin.h... -------------------- yes

LD_LIBRARY_PATH=.:/opt/hostedtoolcache/Ruby/4.0.6/x64/lib LSAN_OPTIONS=detect_leaks=0 "gcc -I/opt/hostedtoolcache/Ruby/4.0.6/x64/include/ruby-4.0.0/x86_64-linux -I/opt/hostedtoolcache/Ruby/4.0.6/x64/include/ruby-4.0.0/ruby/backward -I/opt/hostedtoolcache/Ruby/4.0.6/x64/include/ruby-4.0.0 -I. -DENABLE_PATH_CHECK=0   -fstack-protector-strong -U_FORTIFY_SOURCE -D_FORTIFY_SOURCE=2  -O3 -fno-fast-math -ggdb3 -Wall -Wextra -Wdeprecated-declarations -Wdiv-by-zero -Wduplicated-cond -Wimplicit-function-declaration -Wimplicit-int -Wpointer-arith -Wwrite-strings -Wold-style-definition -Wimplicit-fallthrough=0 -Wmissing-noreturn -Wno-cast-function-type -Wno-constant-logical-operand -Wno-long-long -Wno-missing-field-initializers -Wno-overlength-strings -Wno-packed-bitfield-compat -Wno-parentheses-equality -Wno-self-assign -Wno-tautological-compare -Wno-unused-parameter -Wno-unused-value -Wsuggest-attribute=format -Wsuggest-attribute=noreturn -Wunused-variable -Wmisleading-indentation -Wundef  -fPIC -std=c99   -c conftest.c"
checked program was:
/* begin */
1: #include "ruby.h"
2: 
3: #include <x86intrin.h>
/* end */

--------------------

LD_LIBRARY_PATH=.:/opt/hostedtoolcache/Ruby/4.0.6/x64/lib LSAN_OPTIONS=detect_leaks=0 "gcc -I/opt/hostedtoolcache/Ruby/4.0.6/x64/include/ruby-4.0.0/x86_64-linux -I/opt/hostedtoolcache/Ruby/4.0.6/x64/include/ruby-4.0.0/ruby/backward -I/opt/hostedtoolcache/Ruby/4.0.6/x64/include/ruby-4.0.0 -I. -DENABLE_PATH_CHECK=0   -fstack-protector-strong -U_FORTIFY_SOURCE -D_FORTIFY_SOURCE=2  -O3 -fno-fast-math -ggdb3 -Wall -Wextra -Wdeprecated-declarations -Wdiv-by-zero -Wduplicated-cond -Wimplicit-function-declaration -Wimplicit-int -Wpointer-arith -Wwrite-strings -Wold-style-definition -Wimplicit-fallthrough=0 -Wmissing-noreturn -Wno-cast-function-type -Wno-constant-logical-operand -Wno-long-long -Wno-missing-field-initializers -Wno-overlength-strings -Wno-packed-bitfield-compat -Wno-parentheses-equality -Wno-self-assign -Wno-tautological-compare -Wno-unused-parameter -Wno-unused-value -Wsuggest-attribute=format -Wsuggest-attribute=noreturn -Wunused-variable -Wmisleading-indentation -Wundef  -fPIC -std=c99  -Werror=implicit-function-declaration -c conftest.c"
checked program was:
/* begin */
 1: #include "ruby.h"
 2: 
 3: #include <x86intrin.h>
 4: 
 5: int main(int argc, char **argv) {
 6:   __m128i test = _mm_set1_epi8(32);
 7:   if (__builtin_cpu_supports("sse2")) { printf("OK"); }
 8:   if (argc > 100000) printf("%p", &test);
 9:   return 0;
10: }
/* end */

have_header: checking for cpuid.h... -------------------- yes

LD_LIBRARY_PATH=.:/opt/hostedtoolcache/Ruby/4.0.6/x64/lib LSAN_OPTIONS=detect_leaks=0 "gcc -I/opt/hostedtoolcache/Ruby/4.0.6/x64/include/ruby-4.0.0/x86_64-linux -I/opt/hostedtoolcache/Ruby/4.0.6/x64/include/ruby-4.0.0/ruby/backward -I/opt/hostedtoolcache/Ruby/4.0.6/x64/include/ruby-4.0.0 -I. -DENABLE_PATH_CHECK=0   -fstack-protector-strong -U_FORTIFY_SOURCE -D_FORTIFY_SOURCE=2  -O3 -fno-fast-math -ggdb3 -Wall -Wextra -Wdeprecated-declarations -Wdiv-by-zero -Wduplicated-cond -Wimplicit-function-declaration -Wimplicit-int -Wpointer-arith -Wwrite-strings -Wold-style-definition -Wimplicit-fallthrough=0 -Wmissing-noreturn -Wno-cast-function-type -Wno-constant-logical-operand -Wno-long-long -Wno-missing-field-initializers -Wno-overlength-strings -Wno-packed-bitfield-compat -Wno-parentheses-equality -Wno-self-assign -Wno-tautological-compare -Wno-unused-parameter -Wno-unused-value -Wsuggest-attribute=format -Wsuggest-attribute=noreturn -Wunused-variable -Wmisleading-indentation -Wundef  -fPIC -std=c99   -c conftest.c"
checked program was:
/* begin */
1: #include "ruby.h"
2: 
3: #include <cpuid.h>
/* end */

--------------------

